File "record.mli", line 13, characters 16-17:
13 |     ensures i = r.c *)
                     ^
Warning: Skipping clause with term `r:t': substitution supported only when
         applied to one of the model fields.
