File "lib.mli", line 20, characters 44-52:
20 |                 mem j bv <-> i = j \/ mem j (old bv) *)
                                                 ^^^^^^^^
Warning: Skipping clause: unsupported old operator.